# User custom config line 1/3
#master:
#- custom.master1
#- custom.master2
master: cli.master
# User custom config line 2/3
id: custom.minion
# User custom config line 3/3
