# User config line 1/3
master: custom.master
# User config line 2/3
id: custom.minion
# User config line 3/3
