# This is the template from the msi store line 1/6
#master: salt
# This is the template from the msi store line 2/6
#id:
# This is the template from the msi store line 3/6
# This is the template from the msi store line 4/6
# This is the template from the msi store line 5/6
# This is the template from the msi store line 6/6
