#john=doe
#foo = bar
foo=salt
#blah=blub
#some=thing
