#john=doe
#foo = bar
#foo=bar
#blah=blub
#some=thing
THIS LINE WASN'T FOUND! SO WE'RE APPENDING IT HERE!
