#john=doe
#foo = bar
#foo=bar
#blah=blub
#some=thing
en_US.UTF-8
